// Jest Snapshot v1, https://goo.gl/fbAQLP

exports[`GameCard should match snapshot 1`] = `
.c7 {
  background: #1b1c1d;
  border-width: 0px;
  border-color: none;
  color: white;
  cursor: pointer;
  padding: 0.5em;
  border-radius: 4px;
}

.c7.c7:focus {
  outline: 2px solid blue;
}

.c10 {
  width: 100%;
}

.c9 {
  margin-inline: 4px;
}

.c1 {
  font-weight: bold;
  font-size: 1.5rem;
  margin: 0;
  display: inline-block;
}

.c8 {
  font-weight: 600;
  font-size: 1.25rem;
  margin: 0;
  display: inline-block;
}

.c4 {
  font-weight: normal;
  font-size: 1rem;
  margin: 0;
  display: inline-block;
}

.c0 {
  display: grid;
  grid-template-columns: fit-content(30%);
  grid-template-rows: auto;
  gap: 1rem;
}

.c3 {
  grid-column: 1;
  grid-row: 1/3;
}

.c2 {
  grid-column: 2;
  grid-row: 1;
  display: none;
}

.c5 {
  grid-column: 2;
  grid-row: 2;
}

.c6 {
  grid-column: 2;
  grid-row: 3;
  text-align: right;
}

@media (max-width:425px) {
  .c0 {
    display: block;
  }
}

<div>
  <article
    class="c0"
  >
    <h2
      class="c1 c2"
    >
      gameName
    </h2>
    <img
      alt="gameName-thumbnail"
      class="c3"
      height="auto"
      src="http://localhost:3001/gameIcon"
      width="100%"
    />
    <p
      class="c4 c5"
    >
      gameDescription
    </p>
    <div
      class="c6"
    >
      <button
        class="c7"
        data-testid="gameCode-play"
      >
        <h4
          class="c8"
        >
          Play
        </h4>
        <i
          class="c9 fa-solid fa-chevron-right"
        />
      </button>
    </div>
  </article>
  <hr
    class="c10"
  />
</div>
`;
