// Jest Snapshot v1, https://goo.gl/fbAQLP

exports[`Seperator should match snapshot 1`] = `
.c0 {
  width: 100%;
}

<div>
  <hr
    class="c0"
  />
</div>
`;
