// Jest Snapshot v1, https://goo.gl/fbAQLP

exports[`PageTemplate  should match snapshot 1`] = `
.c0 {
  background-color: #444;
  width: 100vw;
  min-height: 100vh;
  display: -webkit-box;
  display: -webkit-flex;
  display: -ms-flexbox;
  display: flex;
  -webkit-flex-direction: column;
  -ms-flex-direction: column;
  flex-direction: column;
  -webkit-align-items: center;
  -webkit-box-align: center;
  -ms-flex-align: center;
  align-items: center;
}

.c2 {
  width: 100%;
  margin-inline: auto;
  background-color: white;
}

@media (max-width:425px) {
  .c1 {
    width: 300px;
    height: 60px;
  }
}

<div>
  <div
    class="c0"
  >
    <img
      alt="logo"
      class="c1"
      height="135"
      src="logo.svg"
      width="720"
    />
    <section
      class="c2"
    />
  </div>
</div>
`;
